ERRORS IN PASS1:
ERRORS IN PASS2:
